
Migrations statistics:
	Updated imports in 10 files

